// Jest Snapshot v1, https://goo.gl/fbAQLP

exports[`Root Reducer Test Cases should return the default state that is empty 1`] = `
Object {
  "todos": Array [],
}
`;
